// Jest Snapshot v1, https://goo.gl/fbAQLP

exports[`Twitter Editor Snapshots SSR should pre render the editor with consistent html 1`] = `"<div role=\\"textbox\\" aria-multiline=\\"true\\" aria-label=\\"\\" aria-placeholder=\\"What's happening?\\" class=\\"Prosemirror remirror-editor\\" data-testid=\\"editor-twitter\\"><p class=\\"is-empty\\" data-placeholder=\\"What's happening?\\"></p></div>"`;
