// Jest Snapshot v1, https://goo.gl/fbAQLP

exports[`schemaToJSON 1`] = `
Object {
  "marks": Object {
    "bold": Object {
      "attrs": Object {},
      "group": "fontStyle",
      "parseDOM": Array [
        Object {
          "getAttrs": [Function],
          "tag": "strong",
        },
        Object {
          "getAttrs": [Function],
          "tag": "b",
        },
        Object {
          "getAttrs": [Function],
          "style": "font-weight",
        },
      ],
      "toDOM": [Function],
    },
  },
  "nodes": Object {
    "doc": Object {
      "content": "block+",
    },
    "paragraph": Object {
      "attrs": Object {
        "align": Object {
          "default": null,
        },
        "id": Object {
          "default": null,
        },
        "indent": Object {
          "default": 0,
        },
        "lineSpacing": Object {
          "default": null,
        },
      },
      "content": "inline*",
      "draggable": false,
      "group": "block",
      "parseDOM": Array [
        Object {
          "getAttrs": [Function],
          "tag": "p",
        },
      ],
      "toDOM": [Function],
    },
    "text": Object {
      "group": "inline",
    },
  },
}
`;
