// Jest Snapshot v1, https://goo.gl/fbAQLP

exports[`RemirrorProvider 1`] = `"<div data-testid=\\"1\\"><div data-testid=\\"2\\"><style data-emotion-css=\\"186pr8o-css\\">.css-186pr8o-css .remirror-editor{caret-color:currentColor;word-wrap:break-word;white-space:pre-wrap;overflow-wrap:break-word;}.css-186pr8o-css .remirror-editor:focus{outline:none;}.css-186pr8o-css .is-empty:first-of-type::before{position:absolute;color:#aaa;pointer-events:none;height:0;font-style:italic;content:attr(data-placeholder);}.css-186pr8o-css .remirror-editor blockquote{border-left:2px solid #ddd;margin-left:0;margin-right:0;padding-left:10px;font-style:italic;}.css-186pr8o-css .remirror-editor blockquote p{color:#888;}</style><div data-testid=\\"target\\" class=\\"css-186pr8o-css\\"><div role=\\"textbox\\" aria-multiline=\\"true\\" aria-label=\\"\\" class=\\"remirror-editor\\"><p>basic</p></div></div></div></div>"`;
