// Jest Snapshot v1, https://goo.gl/fbAQLP

exports[`formatted ssr component 1`] = `
<div>
  <div role="textbox"
       autofocus
       aria-multiline="true"
       aria-label
       aria-placeholder
       class="Prosemirror remirror-editor"
       contenteditable="true"
  >
    <pre class="language-md">
      <code data-code-block-language="md">
        # Welcome
**To the greatest show**

_Ever created_.
      </code>
    </pre>
  </div>
</div>
`;
